// Jest Snapshot v1, https://goo.gl/fbAQLP

exports[`LoginComponent 失敗したログインにエラーメッセージを表示する 1`] = `
"<div class="login-container">
  <h2>ログイン「テスト」</h2>
  <!--v-if-->
  <form class="login-form">
    <div class="form-group"><label for="email">📧 メールアドレス :</label><input id="email" type="email" placeholder="メールアドレスを入力してください" required="">
      <!--v-if-->
    </div>
    <div class="form-group"><label for="password">🔒 パスワード:</label><input id="password" type="password" placeholder="パスワードを入力してください" required="">
      <!--v-if-->
      <!--v-if-->
    </div>
    <div class="error-message">ログインメールとパスワードは一致しません</div><button type="submit" class="login-button"><span>ログイン</span></button>
  </form>
</div>"
`;
